.\gradlew.bat : 
At line:1 char:132
+ ... Program Files\Java\jdk-22" ; .\gradlew.bat assembleDebug 2>&1 | Tee-O ...
+                                  ~~~~~~~~~~~~~~~~~~~~~~~~~~~~~~~~
    + CategoryInfo          : NotSpecified: (:String) [], RemoteException
    + FullyQualifiedErrorId : NativeCommandError
 
FAILURE: Build failed with an exception.

* What went wrong:
Could not initialize class com.android.build.gradle.options.BooleanOption
> Exception java.lang.NoClassDefFoundError: kotlin/enums/EnumEntriesKt [in 
thread "Daemon worker"]

* Try:
> Run with --stacktrace option to get the stack trace.
> Run with --info or --debug option to get more log output.
> Run with --scan to get full insights.

* Get more help at https://help.gradle.org

BUILD FAILED in 857ms
